Traceback (most recent call last):
  File "/Users/sumanth/pyhton_test/support_assistant/.venv/bin/uvicorn", line 6, in <module>
    sys.exit(main())
             ~~~~^^
  File "/Users/sumanth/pyhton_test/support_assistant/.venv/lib/python3.14/site-packages/click/core.py", line 1631, in __call__
    return self.main(*args, **kwargs)
           ~~~~~~~~~^^^^^^^^^^^^^^^^^
  File "/Users/sumanth/pyhton_test/support_assistant/.venv/lib/python3.14/site-packages/click/core.py", line 1552, in main
    rv = self.invoke(ctx)
  File "/Users/sumanth/pyhton_test/support_assistant/.venv/lib/python3.14/site-packages/click/core.py", line 1415, in invoke
    return ctx.invoke(self.callback, **ctx.params)
           ~~~~~~~~~~^^^^^^^^^^^^^^^^^^^^^^^^^^^^^
  File "/Users/sumanth/pyhton_test/support_assistant/.venv/lib/python3.14/site-packages/click/core.py", line 910, in invoke
    return callback(*args, **kwargs)
  File "/Users/sumanth/pyhton_test/support_assistant/.venv/lib/python3.14/site-packages/uvicorn/main.py", line 448, in main
    run(
    ~~~^
        app,
        ^^^^
    ...<49 lines>...
        reset_contextvars=reset_contextvars,
        ^^^^^^^^^^^^^^^^^^^^^^^^^^^^^^^^^^^^
    )
    ^
  File "/Users/sumanth/pyhton_test/support_assistant/.venv/lib/python3.14/site-packages/uvicorn/main.py", line 620, in run
    config.load_app()
    ~~~~~~~~~~~~~~~^^
  File "/Users/sumanth/pyhton_test/support_assistant/.venv/lib/python3.14/site-packages/uvicorn/config.py", line 434, in load_app
    return import_from_string(self.app)
  File "/Users/sumanth/pyhton_test/support_assistant/.venv/lib/python3.14/site-packages/uvicorn/importer.py", line 22, in import_from_string
    raise exc from None
  File "/Users/sumanth/pyhton_test/support_assistant/.venv/lib/python3.14/site-packages/uvicorn/importer.py", line 19, in import_from_string
    module = importlib.import_module(module_str)
  File "/Library/Frameworks/Python.framework/Versions/3.14/lib/python3.14/importlib/__init__.py", line 88, in import_module
    return _bootstrap._gcd_import(name[level:], package, level)
           ~~~~~~~~~~~~~~~~~~~~~~^^^^^^^^^^^^^^^^^^^^^^^^^^^^^^
  File "<frozen importlib._bootstrap>", line 1406, in _gcd_import
  File "<frozen importlib._bootstrap>", line 1371, in _find_and_load
  File "<frozen importlib._bootstrap>", line 1342, in _find_and_load_unlocked
  File "<frozen importlib._bootstrap>", line 938, in _load_unlocked
  File "<frozen importlib._bootstrap_external>", line 759, in exec_module
  File "<frozen importlib._bootstrap>", line 491, in _call_with_frames_removed
  File "/Users/sumanth/pyhton_test/support_assistant/main.py", line 14, in <module>
    from support_assistant.schemas import AskRequest, AskResponse
ModuleNotFoundError: No module named 'support_assistant'
